[3gH    H    H    H    H    H    H    H    H    H    H    H    H    H    H    H    H    H    H    H    H    H    H [INFO] Using python from: /workspace/IsaacLab/_isaac_sim/python.sh
Loading user config located at: '/isaac-sim/kit/data/Kit/Isaac-Sim/5.1/user.config.json'
[Info] [carb] Logging to file: /isaac-sim/kit/logs/Kit/Isaac-Sim/5.1/kit_20260829_171824.log
2026-08-29T08:18:24Z [174ms] [Warning] [carb.windowing-glfw.plugin] GLFW initialization failed.
2026-08-29T08:18:24Z [174ms] [Warning] [carb] Failed to startup plugin carb.windowing-glfw.plugin (interfaces: [carb::windowing::IGLContext v1.0],[carb::windowing::IWindowing v1.5]) (impl: carb.windowing-glfw.plugin)
2026-08-29T08:18:24Z [185ms] [Warning] [omni.platforminfo.plugin] failed to open the default display.  Can't verify X Server version.

|---------------------------------------------------------------------------------------------|
| Driver Version: 580.126.09    | Graphics API: Vulkan
|=============================================================================================|
| GPU | Name                             | Active | LDA | GPU Memory | Vendor-ID | LUID       |
|     |                                  |        |     |            | Device-ID | UUID       |
|     |                                  |        |     |            | Bus-ID    |            |
|---------------------------------------------------------------------------------------------|
| 0   | NVIDIA GeForce RTX 5080          | Yes: 0 |     | 16303   MB | 10de      | 0          |
|     |                                  |        |     |            | 2c02      | 235d90a4.. |
|     |                                  |        |     |            | 1         |            |
|=============================================================================================|
| OS: 24.04.2 LTS (Noble Numbat) ubuntu, Version: 24.04.2, Kernel: 6.8.0-136-generic
| Processor: Intel(R) Core(TM) Ultra 5 250KF Plus
| Cores: 18 | Logical Cores: 18
|---------------------------------------------------------------------------------------------|
| Total Memory (MB): 64006 | Free Memory: 56912
| Total Page/Swap (MB): 8191 | Free Page/Swap: 0
|---------------------------------------------------------------------------------------------|
2026-08-29T08:18:24Z [735ms] [Warning] [gpu.foundation.plugin] CPU performance profile is set to powersave. This profile sets the CPU to the lowest frequency reducing performance.
2026-08-29T08:18:24Z [748ms] [Warning] [gpu.foundation.plugin] IOMMU is enabled.
2026-08-29T08:18:25Z [1,079ms] [Warning] [carb.windowing-glfw.plugin] GLFW initialization failed.
2026-08-29T08:18:25Z [1,079ms] [Warning] [carb] Failed to startup plugin carb.windowing-glfw.plugin (interfaces: [carb::windowing::IGLContext v1.0],[carb::windowing::IWindowing v1.5]) (impl: carb.windowing-glfw.plugin)
2026-08-29T08:18:25Z [1,092ms] [Warning] [carb.windowing-glfw.plugin] GLFW initialization failed.
2026-08-29T08:18:25Z [1,092ms] [Warning] [carb] Failed to startup plugin carb.windowing-glfw.plugin (interfaces: [carb::windowing::IGLContext v1.0],[carb::windowing::IWindowing v1.5]) (impl: carb.windowing-glfw.plugin)
2026-08-29T08:18:25Z [1,098ms] [Warning] [carb.windowing-glfw.plugin] GLFW initialization failed.
2026-08-29T08:18:25Z [1,098ms] [Warning] [carb] Failed to startup plugin carb.windowing-glfw.plugin (interfaces: [carb::windowing::IGLContext v1.0],[carb::windowing::IWindowing v1.5]) (impl: carb.windowing-glfw.plugin)
2026-08-29T08:18:25Z [1,102ms] [Warning] [carb.windowing-glfw.plugin] GLFW initialization failed.
2026-08-29T08:18:25Z [1,102ms] [Warning] [carb] Failed to startup plugin carb.windowing-glfw.plugin (interfaces: [carb::windowing::IGLContext v1.0],[carb::windowing::IWindowing v1.5]) (impl: carb.windowing-glfw.plugin)
2026-08-29T08:18:25Z [1,103ms] [Warning] [carb.windowing-glfw.plugin] GLFW initialization failed.
2026-08-29T08:18:25Z [1,103ms] [Warning] [carb] Failed to startup plugin carb.windowing-glfw.plugin (interfaces: [carb::windowing::IGLContext v1.0],[carb::windowing::IWindowing v1.5]) (impl: carb.windowing-glfw.plugin)
2026-08-29T08:18:25Z [1,103ms] [Warning] [carb.windowing-glfw.plugin] GLFW initialization failed.
2026-08-29T08:18:25Z [1,103ms] [Warning] [carb] Failed to startup plugin carb.windowing-glfw.plugin (interfaces: [carb::windowing::IGLContext v1.0],[carb::windowing::IWindowing v1.5]) (impl: carb.windowing-glfw.plugin)
[INFO][AppLauncher]: Using device: cuda:0
[INFO][AppLauncher]: Loading experience file: /workspace/IsaacLab/apps/isaaclab.python.headless.rendering.kit
[INFO]: Parsing configuration from: h1_task.env_cfg:HumanoidRoughEnvCfg
[Humanoid:student] 9 reward 항목 로드
  [OK] track_lin_vel_xy_exp.weight = 1.0
  [OK] track_ang_vel_z_exp.weight = 1.0
  [OK] feet_air_time.weight = 0.2
  [OK] termination_penalty.weight = -50.0
  [OK] flat_orientation_l2.weight = -1.5
  [OK] ang_vel_xy_l2.weight = -0.05
  [OK] joint_deviation_hip.weight = -0.2
  [OK] joint_deviation_torso.weight = -0.1
  [OK] action_rate_l2.weight = -0.0005
[Humanoid:student] sub_terrains keys = ['pyramid_stairs', 'pyramid_stairs_inv', 'boxes', 'random_rough', 'hf_pyramid_slope', 'hf_pyramid_slope_inv']
[Humanoid:student] 박스류 override: ['boxes.grid_height']
[Humanoid:student] 계단 width override: ['pyramid_stairs.step_width=0.30', 'pyramid_stairs_inv.step_width=0.30']
[Humanoid:student] proportion: ['boxes: 0.20→0.30', 'random_rough: 0.20→0.10', 'pyramid_stairs: 0.20→0.15', 'pyramid_stairs_inv: 0.20→0.15']
[INFO]: Parsing configuration from: h1_task.agent_cfg:HumanoidPPORunnerCfg
/workspace/IsaacLab/_isaac_sim/kit/python/lib/python3.11/site-packages/gymnasium/envs/registration.py:512: DeprecationWarning: [33mWARN: The environment Humanoid-v0 is out of date. You should consider upgrading to version `v5`.[0m
  logger.deprecation(
[WARNING]: The `policy` configuration is deprecated for rsl-rl >= 4.0.0. Please use, e.g., `actor` and `critic` model configurations instead.
[WARNING]: The `empirical_normalization` parameter is deprecated. Please set `actor_obs_normalization` and `critic_obs_normalization` as part of the `policy` configuration instead.
[WARNING]: The `policy` configuration is used to infer the `actor` model configuration.
[WARNING]: The `policy` configuration is used to infer the `critic` model configuration.
[WARNING]: The `distribution_cfg` configuration is now used to specify the output distribution for stochastic policies. Consider updating the configuration to use `distribution_cfg` instead of `stochastic`, `init_noise_std`, `noise_std_type`, and `state_dependent_std` parameters.
[INFO] Loading experiment from directory: /workspace/training/humanoid/logs/rsl_rl/humanoid

[36m======================================================================================[0m
[36m[1m[INFO][IsaacLab]: Logging to file: /tmp/isaaclab/logs/isaaclab_2026-08-29_17-18-30.log[0m
[36m======================================================================================[0m

[33m17:18:30 [simulation_context.py] WARNING: The `enable_external_forces_every_iteration` parameter in the PhysxCfg is set to False. If you are experiencing noisy velocities, consider enabling this flag. You may need to slightly increase the number of velocity iterations (setting it to 1 or 2 rather than 0), together with this flag, to improve the accuracy of velocity updates.[0m
[INFO]: Base environment:
	Environment device    : cuda:0
	Environment seed      : 42
	Physics step-size     : 0.005
	Rendering step-size   : 0.02
	Environment step-size : 0.02
[33m17:18:31 [terrain_importer.py] WARNING: Visual material specified for ground plane but no diffuse color found. Using default color: (0.0, 0.0, 0.0)[0m
[INFO]: Time taken for scene creation : 1.144272 seconds
[INFO]: Scene manager:  <class InteractiveScene>
	Number of environments: 4
	Environment spacing   : 2.5
	Source prim name      : /World/envs/env_0
	Global prim paths     : ['/World/ground']
	Replicate physics     : True
[INFO]: Starting the simulation. This may take a few seconds. Please wait...
[INFO]: Time taken for simulation start : 1.734529 seconds
[33m17:18:33 [velocity_command.py] WARNING: The velocity command has the 'ranges.heading' attribute set to '(-3.141592653589793, 3.141592653589793)' but the heading command is not active. Consider setting the flag for the heading command to True.[0m
[INFO] Command Manager:  <CommandManager> contains 1 active terms.
+------------------------------------------------+
|              Active Command Terms              |
+-------+---------------+------------------------+
| Index | Name          |          Type          |
+-------+---------------+------------------------+
|   0   | base_velocity | UniformVelocityCommand |
+-------+---------------+------------------------+

[INFO] Event Manager:  <EventManager> contains 2 active terms.
+--------------------------------------+
| Active Event Terms in Mode: 'startup' |
+----------+---------------------------+
|  Index   | Name                      |
+----------+---------------------------+
|    0     | physics_material          |
+----------+---------------------------+
+---------------------------------------+
|  Active Event Terms in Mode: 'reset'  |
+--------+------------------------------+
| Index  | Name                         |
+--------+------------------------------+
|   0    | base_external_force_torque   |
|   1    | reset_base                   |
|   2    | reset_robot_joints           |
+--------+------------------------------+

[INFO] Recorder Manager:  <RecorderManager> contains 0 active terms.
+---------------------+
| Active Recorder Terms |
+-----------+---------+
|   Index   | Name    |
+-----------+---------+
+-----------+---------+

[INFO] Action Manager:  <ActionManager> contains 1 active terms.
+------------------------------------+
|  Active Action Terms (shape: 19)   |
+--------+-------------+-------------+
| Index  | Name        |   Dimension |
+--------+-------------+-------------+
|   0    | joint_pos   |          19 |
+--------+-------------+-------------+

[INFO] Observation Manager: <ObservationManager> contains 1 groups.
+----------------------------------------------------------+
| Active Observation Terms in Group: 'policy' (shape: (256,)) |
+-----------+--------------------------------+-------------+
|   Index   | Name                           |    Shape    |
+-----------+--------------------------------+-------------+
|     0     | base_lin_vel                   |     (3,)    |
|     1     | base_ang_vel                   |     (3,)    |
|     2     | projected_gravity              |     (3,)    |
|     3     | velocity_commands              |     (3,)    |
|     4     | joint_pos                      |    (19,)    |
|     5     | joint_vel                      |    (19,)    |
|     6     | actions                        |    (19,)    |
|     7     | height_scan                    |    (187,)   |
+-----------+--------------------------------+-------------+

[INFO] Termination Manager:  <TerminationManager> contains 2 active terms.
+---------------------------------+
|     Active Termination Terms    |
+-------+--------------+----------+
| Index | Name         | Time Out |
+-------+--------------+----------+
|   0   | time_out     |   True   |
|   1   | base_contact |  False   |
+-------+--------------+----------+

[INFO] Reward Manager:  <RewardManager> contains 14 active terms.
+-------------------------------------------+
|            Active Reward Terms            |
+-------+-----------------------+-----------+
| Index | Name                  |    Weight |
+-------+-----------------------+-----------+
|   0   | track_lin_vel_xy_exp  |       1.0 |
|   1   | track_ang_vel_z_exp   |       1.0 |
|   2   | ang_vel_xy_l2         |     -0.05 |
|   3   | dof_torques_l2        |       0.0 |
|   4   | dof_acc_l2            | -1.25e-07 |
|   5   | action_rate_l2        |   -0.0005 |
|   6   | feet_air_time         |       0.2 |
|   7   | flat_orientation_l2   |      -1.5 |
|   8   | dof_pos_limits        |      -1.0 |
|   9   | termination_penalty   |     -50.0 |
|   10  | feet_slide            |     -0.25 |
|   11  | joint_deviation_hip   |      -0.2 |
|   12  | joint_deviation_arms  |      -0.2 |
|   13  | joint_deviation_torso |      -0.1 |
+-------+-----------------------+-----------+

[INFO] Curriculum Manager:  <CurriculumManager> contains 1 active terms.
+---------------------------+
|  Active Curriculum Terms  |
+--------+------------------+
| Index  | Name             |
+--------+------------------+
|   0    | terrain_levels   |
+--------+------------------+

[INFO]: Completed setting up the environment...
[INFO] Recording videos during training.
        video_folder: /workspace/training/humanoid/exported/videos/play
        step_trigger: lambda step: step == 0
        video_length: 1000
        disable_logger: True
Error executing job with overrides: ['env.scene.terrain.terrain_type=plane', 'env.commands.base_velocity.heading_command=false', 'env.commands.base_velocity.rel_standing_envs=0.0', 'env.commands.base_velocity.resampling_time_range=[1000.0,1000.0]', 'env.commands.base_velocity.ranges.lin_vel_x=[0.0,0.0]', 'env.commands.base_velocity.ranges.lin_vel_y=[0.0,0.0]', 'env.commands.base_velocity.ranges.ang_vel_z=[0.0,0.0]']
Traceback (most recent call last):
  File "/workspace/IsaacLab/source/isaaclab_tasks/isaaclab_tasks/utils/hydra.py", line 100, in hydra_main
    func(env_cfg, agent_cfg, *args, **kwargs)
  File "/workspace/IsaacLab/scripts/reinforcement_learning/rsl_rl/play.py", line 155, in main
    env = RslRlVecEnvWrapper(env, clip_actions=agent_cfg.clip_actions)
          ^^^^^^^^^^^^^^^^^^^^^^^^^^^^^^^^^^^^^^^^^^^^^^^^^^^^^^^^^^^^
  File "/workspace/IsaacLab/source/isaaclab_rl/isaaclab_rl/rsl_rl/vecenv_wrapper.py", line 66, in __init__
    self.env.reset()
  File "/workspace/IsaacLab/_isaac_sim/kit/python/lib/python3.11/site-packages/gymnasium/wrappers/rendering.py", line 344, in reset
    obs, info = super().reset(seed=seed, options=options)
                ^^^^^^^^^^^^^^^^^^^^^^^^^^^^^^^^^^^^^^^^^
  File "/workspace/IsaacLab/_isaac_sim/kit/python/lib/python3.11/site-packages/gymnasium/core.py", line 333, in reset
    return self.env.reset(seed=seed, options=options)
           ^^^^^^^^^^^^^^^^^^^^^^^^^^^^^^^^^^^^^^^^^^
  File "/workspace/IsaacLab/_isaac_sim/kit/python/lib/python3.11/site-packages/gymnasium/wrappers/common.py", line 400, in reset
    return super().reset(seed=seed, options=options)
           ^^^^^^^^^^^^^^^^^^^^^^^^^^^^^^^^^^^^^^^^^
  File "/workspace/IsaacLab/_isaac_sim/kit/python/lib/python3.11/site-packages/gymnasium/core.py", line 333, in reset
    return self.env.reset(seed=seed, options=options)
           ^^^^^^^^^^^^^^^^^^^^^^^^^^^^^^^^^^^^^^^^^^
  File "/workspace/IsaacLab/source/isaaclab/isaaclab/envs/manager_based_env.py", line 372, in reset
    self._reset_idx(env_ids)
  File "/workspace/IsaacLab/source/isaaclab/isaaclab/envs/manager_based_rl_env.py", line 356, in _reset_idx
    self.curriculum_manager.compute(env_ids=env_ids)
  File "/workspace/IsaacLab/source/isaaclab/isaaclab/managers/curriculum_manager.py", line 139, in compute
    state = term_cfg.func(self._env, env_ids, **term_cfg.params)
            ^^^^^^^^^^^^^^^^^^^^^^^^^^^^^^^^^^^^^^^^^^^^^^^^^^^^
  File "/workspace/IsaacLab/source/isaaclab_tasks/isaaclab_tasks/manager_based/locomotion/velocity/mdp/curriculums.py", line 56, in terrain_levels_vel
    return torch.mean(terrain.terrain_levels.float())
                      ^^^^^^^^^^^^^^^^^^^^^^
AttributeError: 'TerrainImporter' object has no attribute 'terrain_levels'

Set the environment variable HYDRA_FULL_ERROR=1 for a complete stack trace.
2026-08-29T08:18:25Z [1,217ms] [Warning] [omni.log] Source: omni.hydra was already registered.
2026-08-29T08:18:25Z [1,394ms] [Warning] [carb] Acquiring non optional plugin interface which is not listed as dependency: [omni::physx::IPhysxBenchmarks v1.0] (plugin: <default plugin>), by client: omni.physics.physx.plugin. Add it to CARB_PLUGIN_IMPL_DEPS() macro of a client.
2026-08-29T08:18:25Z [1,397ms] [Warning] [omni.isaac.dynamic_control] omni.isaac.dynamic_control is deprecated as of Isaac Sim 4.5. No action is needed from end-users.
2026-08-29T08:18:26Z [2,561ms] [Warning] [pxr.Semantics] pxr.Semantics is deprecated - please use Semantics instead
2026-08-29T08:18:26Z [2,620ms] [Warning] [omni.graph.core.plugin] Found duplicate of category 'Replicator' - was 'Annotators', adding 'Fabric Reader'
2026-08-29T08:18:26Z [2,620ms] [Warning] [omni.graph.core.plugin] Category 'Replicator' not accepted on node type 'omni.replicator.core.FabricReader' in extension 'omni.replicator.core'
2026-08-29T08:18:26Z [2,621ms] [Warning] [omni.replicator.core.scripts.extension] No material configuration file, adding configuration to material settings directly.
2026-08-29T08:18:27Z [3,362ms] [Warning] [omni.kvdb.plugin] Disabling key-value database because another kit process is locking it
2026-08-29T08:18:28Z [4,735ms] [Warning] [omni.fabric.plugin] Warning: attribute viewportHandle not found for bucket id 7

2026-08-29T08:18:34Z [10,142ms] [Warning] [omni.graph.core.plugin] Could not find category 'Replicator:Annotators' for removal
2026-08-29T08:18:34Z [10,142ms] [Warning] [omni.graph.core.plugin] Could not find category 'Replicator:Annotators' for removal
2026-08-29T08:18:34Z [10,142ms] [Warning] [omni.graph.core.plugin] Could not find category 'Replicator' for removal
2026-08-29T08:18:34Z [10,142ms] [Warning] [omni.graph.core.plugin] Could not find category 'Replicator:Annotators' for removal
2026-08-29T08:18:34Z [10,142ms] [Warning] [omni.graph.core.plugin] Could not find category 'Replicator:Annotators' for removal
2026-08-29T08:18:34Z [10,142ms] [Warning] [omni.graph.core.plugin] Could not find category 'Replicator:Annotators' for removal
2026-08-29T08:18:34Z [10,142ms] [Warning] [omni.graph.core.plugin] Could not find category 'Replicator:Annotators' for removal
2026-08-29T08:18:34Z [10,142ms] [Warning] [omni.graph.core.plugin] Could not find category 'Replicator:Annotators' for removal
2026-08-29T08:18:34Z [10,142ms] [Warning] [omni.graph.core.plugin] Could not find category 'Replicator:Annotators' for removal
2026-08-29T08:18:34Z [10,143ms] [Warning] [omni.graph.core.plugin] Could not find category 'Replicator:Annotators' for removal
2026-08-29T08:18:34Z [10,143ms] [Warning] [omni.graph.core.plugin] Could not find category 'Replicator:Annotators' for removal
2026-08-29T08:18:34Z [10,143ms] [Warning] [omni.graph.core.plugin] Could not find category 'Replicator:Annotators' for removal
2026-08-29T08:18:34Z [10,143ms] [Warning] [omni.graph.core.plugin] Could not find category 'Replicator:Annotators' for removal
2026-08-29T08:18:34Z [10,143ms] [Warning] [omni.graph.core.plugin] Could not find category 'Replicator:Core' for removal
2026-08-29T08:18:34Z [10,144ms] [Warning] [omni.physx.plugin] USD stage detach not called, holding a loose ptr to a stage!
2026-08-29T08:18:34Z [10,206ms] [Warning] [omni.fabric.plugin] gFabricState->gUsdStageToSimStageWithHistoryMap had 1 outstanding SimStageWithHistory(s) at shutdown
2026-08-29T08:18:34Z [10,284ms] [Warning] [carb] Recursive unloadAllPlugins() detected!
There was an error running python
There was an error running python
