exported/model_best.pt: OK
[SKIP] H1_stand already complete
[SKIP] H2_forward already complete
[SKIP] H4_complex already complete
[SKIP] H7_push already complete
b2333b4252ca025971cfcb23937145b1c5e09683dd1bcfb765b0270b99c00598  /workspace/_keep/train_260831-06_run05cfg_10000_VIDEOS_CORE.tar.gz
[PACKAGE] /workspace/_keep/train_260831-06_run05cfg_10000_VIDEOS_CORE.tar.gz
[SKIP] H3_left already complete
[SKIP] H3_right already complete
[SKIP] H4_complex_right already complete
===== H5_rough vx=0.50 vy=0.00 wz=0.00 push=0 terrain=rough =====
COMMAND: /workspace/IsaacLab/isaaclab.sh -p play.py --task Humanoid-v0 --num_envs 4 --headless --video --video_length 1000 --enable_cameras agent.seed=42 env.commands.base_velocity.heading_command=false env.commands.base_velocity.rel_standing_envs=0.0 env.commands.base_velocity.resampling_time_range=\[1000.0\,1000.0\] env.commands.base_velocity.ranges.lin_vel_x=\[0.50\,0.50\] env.commands.base_velocity.ranges.lin_vel_y=\[0.00\,0.00\] env.commands.base_velocity.ranges.ang_vel_z=\[0.00\,0.00\] env.scene.terrain.terrain_type=generator env.curriculum.terrain_levels=null env.scene.terrain.terrain_generator.curriculum=false env.scene.terrain.terrain_generator.num_rows=1 env.scene.terrain.terrain_generator.num_cols=4 env.scene.terrain.terrain_generator.difficulty_range=\[1.0\,1.0\] env.scene.terrain.max_init_terrain_level=0 env.scene.terrain.terrain_generator.sub_terrains.pyramid_stairs.proportion=0.0 env.scene.terrain.terrain_generator.sub_terrains.pyramid_stairs_inv.proportion=0.0 env.scene.terrain.terrain_generator.sub_terrains.boxes.proportion=0.0 env.scene.terrain.terrain_generator.sub_terrains.random_rough.proportion=1.0 env.scene.terrain.terrain_generator.sub_terrains.random_rough.noise_range=\[0.02\,0.10\] env.scene.terrain.terrain_generator.sub_terrains.hf_pyramid_slope.proportion=0.0 env.scene.terrain.terrain_generator.sub_terrains.hf_pyramid_slope_inv.proportion=0.0 
[3gH    H    H    H    H    H    H    H    H    H    H    H    H    H    H    H    H    H    H    H    H    H    H    H    H    H    H    H    H    H    H    H    H    H    H    H    H    H    H    H   [INFO] Using python from: /workspace/IsaacLab/_isaac_sim/python.sh
Loading user config located at: '/isaac-sim/kit/data/Kit/Isaac-Sim/5.1/user.config.json'
[Info] [carb] Logging to file: /isaac-sim/kit/logs/Kit/Isaac-Sim/5.1/kit_20260831_125738.log
2026-08-31T03:57:38Z [182ms] [Warning] [carb.windowing-glfw.plugin] GLFW initialization failed.
2026-08-31T03:57:38Z [182ms] [Warning] [carb] Failed to startup plugin carb.windowing-glfw.plugin (interfaces: [carb::windowing::IGLContext v1.0],[carb::windowing::IWindowing v1.5]) (impl: carb.windowing-glfw.plugin)
2026-08-31T03:57:38Z [192ms] [Warning] [omni.platforminfo.plugin] failed to open the default display.  Can't verify X Server version.

|---------------------------------------------------------------------------------------------|
| Driver Version: 580.126.09    | Graphics API: Vulkan
|=============================================================================================|
| GPU | Name                             | Active | LDA | GPU Memory | Vendor-ID | LUID       |
|     |                                  |        |     |            | Device-ID | UUID       |
|     |                                  |        |     |            | Bus-ID    |            |
|---------------------------------------------------------------------------------------------|
| 0   | NVIDIA GeForce RTX 5080          | Yes: 0 |     | 16303   MB | 10de      | 0          |
|     |                                  |        |     |            | 2c02      | f590048b.. |
|     |                                  |        |     |            | 1         |            |
|=============================================================================================|
| OS: 24.04.2 LTS (Noble Numbat) ubuntu, Version: 24.04.2, Kernel: 6.8.0-136-generic
| Processor: Intel(R) Core(TM) Ultra 5 250KF Plus
| Cores: 18 | Logical Cores: 18
|---------------------------------------------------------------------------------------------|
| Total Memory (MB): 64006 | Free Memory: 55194
| Total Page/Swap (MB): 8191 | Free Page/Swap: 0
|---------------------------------------------------------------------------------------------|
2026-08-31T03:57:39Z [723ms] [Warning] [gpu.foundation.plugin] CPU performance profile is set to powersave. This profile sets the CPU to the lowest frequency reducing performance.
2026-08-31T03:57:39Z [733ms] [Warning] [gpu.foundation.plugin] IOMMU is enabled.
2026-08-31T03:57:39Z [1,061ms] [Warning] [carb.windowing-glfw.plugin] GLFW initialization failed.
2026-08-31T03:57:39Z [1,061ms] [Warning] [carb] Failed to startup plugin carb.windowing-glfw.plugin (interfaces: [carb::windowing::IGLContext v1.0],[carb::windowing::IWindowing v1.5]) (impl: carb.windowing-glfw.plugin)
2026-08-31T03:57:39Z [1,073ms] [Warning] [carb.windowing-glfw.plugin] GLFW initialization failed.
2026-08-31T03:57:39Z [1,073ms] [Warning] [carb] Failed to startup plugin carb.windowing-glfw.plugin (interfaces: [carb::windowing::IGLContext v1.0],[carb::windowing::IWindowing v1.5]) (impl: carb.windowing-glfw.plugin)
2026-08-31T03:57:39Z [1,079ms] [Warning] [carb.windowing-glfw.plugin] GLFW initialization failed.
2026-08-31T03:57:39Z [1,079ms] [Warning] [carb] Failed to startup plugin carb.windowing-glfw.plugin (interfaces: [carb::windowing::IGLContext v1.0],[carb::windowing::IWindowing v1.5]) (impl: carb.windowing-glfw.plugin)
2026-08-31T03:57:39Z [1,083ms] [Warning] [carb.windowing-glfw.plugin] GLFW initialization failed.
2026-08-31T03:57:39Z [1,083ms] [Warning] [carb] Failed to startup plugin carb.windowing-glfw.plugin (interfaces: [carb::windowing::IGLContext v1.0],[carb::windowing::IWindowing v1.5]) (impl: carb.windowing-glfw.plugin)
2026-08-31T03:57:39Z [1,084ms] [Warning] [carb.windowing-glfw.plugin] GLFW initialization failed.
2026-08-31T03:57:39Z [1,084ms] [Warning] [carb] Failed to startup plugin carb.windowing-glfw.plugin (interfaces: [carb::windowing::IGLContext v1.0],[carb::windowing::IWindowing v1.5]) (impl: carb.windowing-glfw.plugin)
2026-08-31T03:57:39Z [1,084ms] [Warning] [carb.windowing-glfw.plugin] GLFW initialization failed.
2026-08-31T03:57:39Z [1,084ms] [Warning] [carb] Failed to startup plugin carb.windowing-glfw.plugin (interfaces: [carb::windowing::IGLContext v1.0],[carb::windowing::IWindowing v1.5]) (impl: carb.windowing-glfw.plugin)
[INFO][AppLauncher]: Using device: cuda:0
[INFO][AppLauncher]: Loading experience file: /workspace/IsaacLab/apps/isaaclab.python.headless.rendering.kit
[INFO]: Parsing configuration from: h1_task.env_cfg:HumanoidRoughEnvCfg
[Humanoid:student] 9 reward 항목 로드
  [OK] track_lin_vel_xy_exp.weight = 1.0
  [OK] track_ang_vel_z_exp.weight = 1.0
  [OK] feet_air_time.weight = 0.2
  [OK] termination_penalty.weight = -50.0
  [OK] flat_orientation_l2.weight = -1.5
  [OK] ang_vel_xy_l2.weight = -0.05
  [OK] joint_deviation_hip.weight = -0.2
  [OK] joint_deviation_torso.weight = -0.1
  [OK] action_rate_l2.weight = -0.0005
[Humanoid:student] sub_terrains keys = ['pyramid_stairs', 'pyramid_stairs_inv', 'boxes', 'random_rough', 'hf_pyramid_slope', 'hf_pyramid_slope_inv']
[Humanoid:student] 박스류 override: ['boxes.grid_height']
[Humanoid:student] 계단 width override: ['pyramid_stairs.step_width=0.30', 'pyramid_stairs_inv.step_width=0.30']
[Humanoid:student] proportion: ['boxes: 0.20→0.30', 'random_rough: 0.20→0.10', 'pyramid_stairs: 0.20→0.15', 'pyramid_stairs_inv: 0.20→0.15']
[INFO]: Parsing configuration from: h1_task.agent_cfg:HumanoidPPORunnerCfg
/workspace/IsaacLab/_isaac_sim/kit/python/lib/python3.11/site-packages/gymnasium/envs/registration.py:512: DeprecationWarning: [33mWARN: The environment Humanoid-v0 is out of date. You should consider upgrading to version `v5`.[0m
  logger.deprecation(
[WARNING]: The `policy` configuration is deprecated for rsl-rl >= 4.0.0. Please use, e.g., `actor` and `critic` model configurations instead.
[WARNING]: The `empirical_normalization` parameter is deprecated. Please set `actor_obs_normalization` and `critic_obs_normalization` as part of the `policy` configuration instead.
[WARNING]: The `policy` configuration is used to infer the `actor` model configuration.
[WARNING]: The `policy` configuration is used to infer the `critic` model configuration.
[WARNING]: The `distribution_cfg` configuration is now used to specify the output distribution for stochastic policies. Consider updating the configuration to use `distribution_cfg` instead of `stochastic`, `init_noise_std`, `noise_std_type`, and `state_dependent_std` parameters.
[INFO] Loading experiment from directory: /workspace/training/humanoid/logs/rsl_rl/humanoid

[36m======================================================================================[0m
[36m[1m[INFO][IsaacLab]: Logging to file: /tmp/isaaclab/logs/isaaclab_2026-08-31_12-57-44.log[0m
[36m======================================================================================[0m

[33m12:57:45 [simulation_context.py] WARNING: The `enable_external_forces_every_iteration` parameter in the PhysxCfg is set to False. If you are experiencing noisy velocities, consider enabling this flag. You may need to slightly increase the number of velocity iterations (setting it to 1 or 2 rather than 0), together with this flag, to improve the accuracy of velocity updates.[0m
[INFO]: Base environment:
	Environment device    : cuda:0
	Environment seed      : 42
	Physics step-size     : 0.005
	Rendering step-size   : 0.02
	Environment step-size : 0.02
[INFO] Generating terrains randomly took : 0.023457 seconds
[INFO]: Time taken for scene creation : 1.014607 seconds
[INFO]: Scene manager:  <class InteractiveScene>
	Number of environments: 4
	Environment spacing   : 2.5
	Source prim name      : /World/envs/env_0
	Global prim paths     : ['/World/ground']
	Replicate physics     : True
[INFO]: Starting the simulation. This may take a few seconds. Please wait...
[INFO]: Time taken for simulation start : 1.457262 seconds
[33m12:57:47 [velocity_command.py] WARNING: The velocity command has the 'ranges.heading' attribute set to '(-3.141592653589793, 3.141592653589793)' but the heading command is not active. Consider setting the flag for the heading command to True.[0m
/workspace/IsaacLab/_isaac_sim/kit/python/lib/python3.11/site-packages/rsl_rl/utils/utils.py:220: UserWarning: The observation configuration dictionary 'obs_groups' is empty and thus likely not configured. Consider configuring the 'obs_groups' dictionary explicitly
  warnings.warn(
/workspace/IsaacLab/_isaac_sim/kit/python/lib/python3.11/site-packages/rsl_rl/utils/utils.py:251: UserWarning: The observation configuration dictionary 'obs_groups' does not contain the 'actor' key. As an observation group with the name 'policy' was found, this is assumed to be the appropriate observation. Consider adding the 'actor' key to the 'obs_groups' dictionary for clarity. This behavior will be removed in a future version.
  warnings.warn(
/workspace/IsaacLab/_isaac_sim/kit/python/lib/python3.11/site-packages/rsl_rl/utils/utils.py:251: UserWarning: The observation configuration dictionary 'obs_groups' does not contain the 'critic' key. As an observation group with the name 'policy' was found, this is assumed to be the appropriate observation. Consider adding the 'critic' key to the 'obs_groups' dictionary for clarity. This behavior will be removed in a future version.
  warnings.warn(
[INFO] Command Manager:  <CommandManager> contains 1 active terms.
+------------------------------------------------+
|              Active Command Terms              |
+-------+---------------+------------------------+
| Index | Name          |          Type          |
+-------+---------------+------------------------+
|   0   | base_velocity | UniformVelocityCommand |
+-------+---------------+------------------------+

[INFO] Event Manager:  <EventManager> contains 2 active terms.
+--------------------------------------+
| Active Event Terms in Mode: 'startup' |
+----------+---------------------------+
|  Index   | Name                      |
+----------+---------------------------+
|    0     | physics_material          |
+----------+---------------------------+
+---------------------------------------+
|  Active Event Terms in Mode: 'reset'  |
+--------+------------------------------+
| Index  | Name                         |
+--------+------------------------------+
|   0    | base_external_force_torque   |
|   1    | reset_base                   |
|   2    | reset_robot_joints           |
+--------+------------------------------+

[INFO] Recorder Manager:  <RecorderManager> contains 0 active terms.
+---------------------+
| Active Recorder Terms |
+-----------+---------+
|   Index   | Name    |
+-----------+---------+
+-----------+---------+

[INFO] Action Manager:  <ActionManager> contains 1 active terms.
+------------------------------------+
|  Active Action Terms (shape: 19)   |
+--------+-------------+-------------+
| Index  | Name        |   Dimension |
+--------+-------------+-------------+
|   0    | joint_pos   |          19 |
+--------+-------------+-------------+

[INFO] Observation Manager: <ObservationManager> contains 1 groups.
+----------------------------------------------------------+
| Active Observation Terms in Group: 'policy' (shape: (256,)) |
+-----------+--------------------------------+-------------+
|   Index   | Name                           |    Shape    |
+-----------+--------------------------------+-------------+
|     0     | base_lin_vel                   |     (3,)    |
|     1     | base_ang_vel                   |     (3,)    |
|     2     | projected_gravity              |     (3,)    |
|     3     | velocity_commands              |     (3,)    |
|     4     | joint_pos                      |    (19,)    |
|     5     | joint_vel                      |    (19,)    |
|     6     | actions                        |    (19,)    |
|     7     | height_scan                    |    (187,)   |
+-----------+--------------------------------+-------------+

[INFO] Termination Manager:  <TerminationManager> contains 2 active terms.
+---------------------------------+
|     Active Termination Terms    |
+-------+--------------+----------+
| Index | Name         | Time Out |
+-------+--------------+----------+
|   0   | time_out     |   True   |
|   1   | base_contact |  False   |
+-------+--------------+----------+

[INFO] Reward Manager:  <RewardManager> contains 14 active terms.
+-------------------------------------------+
|            Active Reward Terms            |
+-------+-----------------------+-----------+
| Index | Name                  |    Weight |
+-------+-----------------------+-----------+
|   0   | track_lin_vel_xy_exp  |       1.0 |
|   1   | track_ang_vel_z_exp   |       1.0 |
|   2   | ang_vel_xy_l2         |     -0.05 |
|   3   | dof_torques_l2        |       0.0 |
|   4   | dof_acc_l2            | -1.25e-07 |
|   5   | action_rate_l2        |   -0.0005 |
|   6   | feet_air_time         |       0.2 |
|   7   | flat_orientation_l2   |      -1.5 |
|   8   | dof_pos_limits        |      -1.0 |
|   9   | termination_penalty   |     -50.0 |
|   10  | feet_slide            |     -0.25 |
|   11  | joint_deviation_hip   |      -0.2 |
|   12  | joint_deviation_arms  |      -0.2 |
|   13  | joint_deviation_torso |      -0.1 |
+-------+-----------------------+-----------+

[INFO] Curriculum Manager:  <CurriculumManager> contains 0 active terms.
+----------------------+
| Active Curriculum Terms |
+-----------+----------+
|   Index   | Name     |
+-----------+----------+
+-----------+----------+

[INFO]: Completed setting up the environment...
[INFO] Recording videos during training.
        video_folder: /workspace/training/humanoid/exported/videos/play
        step_trigger: lambda step: step == 0
        video_length: 1000
        disable_logger: True
[INFO]: Loading model checkpoint from: /workspace/training/humanoid/exported/model_best.pt
--------------------------------------------------------------------------------
Resolved observation sets: 
	 actor :  ['policy']
	 critic :  ['policy']
--------------------------------------------------------------------------------
Actor Model: MLPModel(
  (obs_normalizer): Identity()
  (distribution): GaussianDistribution()
  (mlp): MLP(
    (0): Linear(in_features=256, out_features=512, bias=True)
    (1): ELU(alpha=1.0)
    (2): Linear(in_features=512, out_features=256, bias=True)
    (3): ELU(alpha=1.0)
    (4): Linear(in_features=256, out_features=128, bias=True)
    (5): ELU(alpha=1.0)
    (6): Linear(in_features=128, out_features=19, bias=True)
  )
)
Critic Model: MLPModel(
  (obs_normalizer): Identity()
  (mlp): MLP(
    (0): Linear(in_features=256, out_features=512, bias=True)
    (1): ELU(alpha=1.0)
    (2): Linear(in_features=512, out_features=256, bias=True)
    (3): ELU(alpha=1.0)
    (4): Linear(in_features=256, out_features=128, bias=True)
    (5): ELU(alpha=1.0)
    (6): Linear(in_features=128, out_features=1, bias=True)
  )
)
2026-08-31T03:57:39Z [1,198ms] [Warning] [omni.log] Source: omni.hydra was already registered.
2026-08-31T03:57:39Z [1,378ms] [Warning] [carb] Acquiring non optional plugin interface which is not listed as dependency: [omni::physx::IPhysxBenchmarks v1.0] (plugin: <default plugin>), by client: omni.physics.physx.plugin. Add it to CARB_PLUGIN_IMPL_DEPS() macro of a client.
2026-08-31T03:57:39Z [1,381ms] [Warning] [omni.isaac.dynamic_control] omni.isaac.dynamic_control is deprecated as of Isaac Sim 4.5. No action is needed from end-users.
2026-08-31T03:57:41Z [2,562ms] [Warning] [pxr.Semantics] pxr.Semantics is deprecated - please use Semantics instead
2026-08-31T03:57:41Z [2,623ms] [Warning] [omni.graph.core.plugin] Found duplicate of category 'Replicator' - was 'Annotators', adding 'Fabric Reader'
2026-08-31T03:57:41Z [2,623ms] [Warning] [omni.graph.core.plugin] Category 'Replicator' not accepted on node type 'omni.replicator.core.FabricReader' in extension 'omni.replicator.core'
2026-08-31T03:57:41Z [2,624ms] [Warning] [omni.replicator.core.scripts.extension] No material configuration file, adding configuration to material settings directly.
2026-08-31T03:57:41Z [3,364ms] [Warning] [omni.kvdb.plugin] Disabling key-value database because another kit process is locking it
2026-08-31T03:57:43Z [4,723ms] [Warning] [omni.fabric.plugin] Warning: attribute viewportHandle not found for bucket id 7

2026-08-31T03:57:48Z [9,645ms] [Warning] [omni.physx.fabric.plugin] FabricManager::initializePointInstancer mismatched prototypes on point instancer: /Visuals/Command/velocity_goal.
2026-08-31T03:57:48Z [9,645ms] [Warning] [omni.physx.fabric.plugin] FabricManager::initializePointInstancer mismatched prototypes on point instancer: /Visuals/Command/velocity_current.
2026-08-31T03:57:49Z [10,637ms] [Warning] [omni.physx.fabric.plugin] FabricManager::initializePointInstancer mismatched prototypes on point instancer: /Visuals/Command/velocity_current.
2026-08-31T03:57:49Z [10,637ms] [Warning] [omni.physx.fabric.plugin] FabricManager::initializePointInstancer mismatched prototypes on point instancer: /Visuals/Command/velocity_goal.
2026-08-31T03:57:49Z [10,686ms] [Warning] [omni.syntheticdata.plugin] OgnSdPostRenderVarToHost : rendervar copy from texture directly to host buffer is counter-performant. Please use copy from texture to device buffer first.
2026-08-31T03:57:50Z [12,361ms] [Warning] [carb] Client gpu.foundation.plugin has acquired [gpu::unstable::IMemoryBudgetManagerFactory v0.1] 100 times. Consider accessing this interface with carb::getCachedInterface() (Performance warning)
===== H6_plus10_approx vx=0.50 vy=0.00 wz=0.00 push=0 terrain=slope_inv =====
COMMAND: /workspace/IsaacLab/isaaclab.sh -p play.py --task Humanoid-v0 --num_envs 4 --headless --video --video_length 1000 --enable_cameras agent.seed=42 env.commands.base_velocity.heading_command=false env.commands.base_velocity.rel_standing_envs=0.0 env.commands.base_velocity.resampling_time_range=\[1000.0\,1000.0\] env.commands.base_velocity.ranges.lin_vel_x=\[0.50\,0.50\] env.commands.base_velocity.ranges.lin_vel_y=\[0.00\,0.00\] env.commands.base_velocity.ranges.ang_vel_z=\[0.00\,0.00\] env.scene.terrain.terrain_type=generator env.curriculum.terrain_levels=null env.scene.terrain.terrain_generator.curriculum=false env.scene.terrain.terrain_generator.num_rows=1 env.scene.terrain.terrain_generator.num_cols=4 env.scene.terrain.terrain_generator.difficulty_range=\[1.0\,1.0\] env.scene.terrain.max_init_terrain_level=0 env.scene.terrain.terrain_generator.sub_terrains.pyramid_stairs.proportion=0.0 env.scene.terrain.terrain_generator.sub_terrains.pyramid_stairs_inv.proportion=0.0 env.scene.terrain.terrain_generator.sub_terrains.boxes.proportion=0.0 env.scene.terrain.terrain_generator.sub_terrains.random_rough.proportion=0.0 env.scene.terrain.terrain_generator.sub_terrains.hf_pyramid_slope.proportion=0.0 env.scene.terrain.terrain_generator.sub_terrains.hf_pyramid_slope_inv.proportion=1.0 env.scene.terrain.terrain_generator.sub_terrains.hf_pyramid_slope_inv.slope_range=\[0.17632698\,0.17632698\] 
[3gH    H    H    H    H    H    H    H    H    H    H    H    H    H    H    H    H    H    H    H    H    H    H    H    H    H    H    H    H    H    H    H    H    H    H    H    H    H    H    H   [INFO] Using python from: /workspace/IsaacLab/_isaac_sim/python.sh
Loading user config located at: '/isaac-sim/kit/data/Kit/Isaac-Sim/5.1/user.config.json'
[Info] [carb] Logging to file: /isaac-sim/kit/logs/Kit/Isaac-Sim/5.1/kit_20260831_125837.log
2026-08-31T03:58:37Z [183ms] [Warning] [carb.windowing-glfw.plugin] GLFW initialization failed.
2026-08-31T03:58:37Z [183ms] [Warning] [carb] Failed to startup plugin carb.windowing-glfw.plugin (interfaces: [carb::windowing::IGLContext v1.0],[carb::windowing::IWindowing v1.5]) (impl: carb.windowing-glfw.plugin)
2026-08-31T03:58:37Z [192ms] [Warning] [omni.platforminfo.plugin] failed to open the default display.  Can't verify X Server version.

|---------------------------------------------------------------------------------------------|
| Driver Version: 580.126.09    | Graphics API: Vulkan
|=============================================================================================|
| GPU | Name                             | Active | LDA | GPU Memory | Vendor-ID | LUID       |
|     |                                  |        |     |            | Device-ID | UUID       |
|     |                                  |        |     |            | Bus-ID    |            |
|---------------------------------------------------------------------------------------------|
| 0   | NVIDIA GeForce RTX 5080          | Yes: 0 |     | 16303   MB | 10de      | 0          |
|     |                                  |        |     |            | 2c02      | f590048b.. |
|     |                                  |        |     |            | 1         |            |
|=============================================================================================|
| OS: 24.04.2 LTS (Noble Numbat) ubuntu, Version: 24.04.2, Kernel: 6.8.0-136-generic
| Processor: Intel(R) Core(TM) Ultra 5 250KF Plus
| Cores: 18 | Logical Cores: 18
|---------------------------------------------------------------------------------------------|
| Total Memory (MB): 64006 | Free Memory: 55043
| Total Page/Swap (MB): 8191 | Free Page/Swap: 0
|---------------------------------------------------------------------------------------------|
2026-08-31T03:58:37Z [642ms] [Warning] [gpu.foundation.plugin] CPU performance profile is set to powersave. This profile sets the CPU to the lowest frequency reducing performance.
2026-08-31T03:58:37Z [654ms] [Warning] [gpu.foundation.plugin] IOMMU is enabled.
2026-08-31T03:58:38Z [979ms] [Warning] [carb.windowing-glfw.plugin] GLFW initialization failed.
2026-08-31T03:58:38Z [979ms] [Warning] [carb] Failed to startup plugin carb.windowing-glfw.plugin (interfaces: [carb::windowing::IGLContext v1.0],[carb::windowing::IWindowing v1.5]) (impl: carb.windowing-glfw.plugin)
2026-08-31T03:58:38Z [991ms] [Warning] [carb.windowing-glfw.plugin] GLFW initialization failed.
2026-08-31T03:58:38Z [991ms] [Warning] [carb] Failed to startup plugin carb.windowing-glfw.plugin (interfaces: [carb::windowing::IGLContext v1.0],[carb::windowing::IWindowing v1.5]) (impl: carb.windowing-glfw.plugin)
2026-08-31T03:58:38Z [998ms] [Warning] [carb.windowing-glfw.plugin] GLFW initialization failed.
2026-08-31T03:58:38Z [998ms] [Warning] [carb] Failed to startup plugin carb.windowing-glfw.plugin (interfaces: [carb::windowing::IGLContext v1.0],[carb::windowing::IWindowing v1.5]) (impl: carb.windowing-glfw.plugin)
2026-08-31T03:58:38Z [1,002ms] [Warning] [carb.windowing-glfw.plugin] GLFW initialization failed.
2026-08-31T03:58:38Z [1,002ms] [Warning] [carb] Failed to startup plugin carb.windowing-glfw.plugin (interfaces: [carb::windowing::IGLContext v1.0],[carb::windowing::IWindowing v1.5]) (impl: carb.windowing-glfw.plugin)
2026-08-31T03:58:38Z [1,002ms] [Warning] [carb.windowing-glfw.plugin] GLFW initialization failed.
2026-08-31T03:58:38Z [1,002ms] [Warning] [carb] Failed to startup plugin carb.windowing-glfw.plugin (interfaces: [carb::windowing::IGLContext v1.0],[carb::windowing::IWindowing v1.5]) (impl: carb.windowing-glfw.plugin)
2026-08-31T03:58:38Z [1,003ms] [Warning] [carb.windowing-glfw.plugin] GLFW initialization failed.
2026-08-31T03:58:38Z [1,003ms] [Warning] [carb] Failed to startup plugin carb.windowing-glfw.plugin (interfaces: [carb::windowing::IGLContext v1.0],[carb::windowing::IWindowing v1.5]) (impl: carb.windowing-glfw.plugin)
[INFO][AppLauncher]: Using device: cuda:0
[INFO][AppLauncher]: Loading experience file: /workspace/IsaacLab/apps/isaaclab.python.headless.rendering.kit
[INFO]: Parsing configuration from: h1_task.env_cfg:HumanoidRoughEnvCfg
[Humanoid:student] 9 reward 항목 로드
  [OK] track_lin_vel_xy_exp.weight = 1.0
  [OK] track_ang_vel_z_exp.weight = 1.0
  [OK] feet_air_time.weight = 0.2
  [OK] termination_penalty.weight = -50.0
  [OK] flat_orientation_l2.weight = -1.5
  [OK] ang_vel_xy_l2.weight = -0.05
  [OK] joint_deviation_hip.weight = -0.2
  [OK] joint_deviation_torso.weight = -0.1
  [OK] action_rate_l2.weight = -0.0005
[Humanoid:student] sub_terrains keys = ['pyramid_stairs', 'pyramid_stairs_inv', 'boxes', 'random_rough', 'hf_pyramid_slope', 'hf_pyramid_slope_inv']
[Humanoid:student] 박스류 override: ['boxes.grid_height']
[Humanoid:student] 계단 width override: ['pyramid_stairs.step_width=0.30', 'pyramid_stairs_inv.step_width=0.30']
[Humanoid:student] proportion: ['boxes: 0.20→0.30', 'random_rough: 0.20→0.10', 'pyramid_stairs: 0.20→0.15', 'pyramid_stairs_inv: 0.20→0.15']
[INFO]: Parsing configuration from: h1_task.agent_cfg:HumanoidPPORunnerCfg
/workspace/IsaacLab/_isaac_sim/kit/python/lib/python3.11/site-packages/gymnasium/envs/registration.py:512: DeprecationWarning: [33mWARN: The environment Humanoid-v0 is out of date. You should consider upgrading to version `v5`.[0m
  logger.deprecation(
[WARNING]: The `policy` configuration is deprecated for rsl-rl >= 4.0.0. Please use, e.g., `actor` and `critic` model configurations instead.
[WARNING]: The `empirical_normalization` parameter is deprecated. Please set `actor_obs_normalization` and `critic_obs_normalization` as part of the `policy` configuration instead.
[WARNING]: The `policy` configuration is used to infer the `actor` model configuration.
[WARNING]: The `policy` configuration is used to infer the `critic` model configuration.
[WARNING]: The `distribution_cfg` configuration is now used to specify the output distribution for stochastic policies. Consider updating the configuration to use `distribution_cfg` instead of `stochastic`, `init_noise_std`, `noise_std_type`, and `state_dependent_std` parameters.
[INFO] Loading experiment from directory: /workspace/training/humanoid/logs/rsl_rl/humanoid

[36m======================================================================================[0m
[36m[1m[INFO][IsaacLab]: Logging to file: /tmp/isaaclab/logs/isaaclab_2026-08-31_12-58-43.log[0m
[36m======================================================================================[0m

[33m12:58:43 [simulation_context.py] WARNING: The `enable_external_forces_every_iteration` parameter in the PhysxCfg is set to False. If you are experiencing noisy velocities, consider enabling this flag. You may need to slightly increase the number of velocity iterations (setting it to 1 or 2 rather than 0), together with this flag, to improve the accuracy of velocity updates.[0m
[INFO]: Base environment:
	Environment device    : cuda:0
	Environment seed      : 42
	Physics step-size     : 0.005
	Rendering step-size   : 0.02
	Environment step-size : 0.02
[INFO] Generating terrains randomly took : 0.013302 seconds
[INFO]: Time taken for scene creation : 0.987771 seconds
[INFO]: Scene manager:  <class InteractiveScene>
	Number of environments: 4
	Environment spacing   : 2.5
	Source prim name      : /World/envs/env_0
	Global prim paths     : ['/World/ground']
	Replicate physics     : True
[INFO]: Starting the simulation. This may take a few seconds. Please wait...
[INFO]: Time taken for simulation start : 1.139414 seconds
[33m12:58:46 [velocity_command.py] WARNING: The velocity command has the 'ranges.heading' attribute set to '(-3.141592653589793, 3.141592653589793)' but the heading command is not active. Consider setting the flag for the heading command to True.[0m
/workspace/IsaacLab/_isaac_sim/kit/python/lib/python3.11/site-packages/rsl_rl/utils/utils.py:220: UserWarning: The observation configuration dictionary 'obs_groups' is empty and thus likely not configured. Consider configuring the 'obs_groups' dictionary explicitly
  warnings.warn(
/workspace/IsaacLab/_isaac_sim/kit/python/lib/python3.11/site-packages/rsl_rl/utils/utils.py:251: UserWarning: The observation configuration dictionary 'obs_groups' does not contain the 'actor' key. As an observation group with the name 'policy' was found, this is assumed to be the appropriate observation. Consider adding the 'actor' key to the 'obs_groups' dictionary for clarity. This behavior will be removed in a future version.
  warnings.warn(
/workspace/IsaacLab/_isaac_sim/kit/python/lib/python3.11/site-packages/rsl_rl/utils/utils.py:251: UserWarning: The observation configuration dictionary 'obs_groups' does not contain the 'critic' key. As an observation group with the name 'policy' was found, this is assumed to be the appropriate observation. Consider adding the 'critic' key to the 'obs_groups' dictionary for clarity. This behavior will be removed in a future version.
  warnings.warn(
[INFO] Command Manager:  <CommandManager> contains 1 active terms.
+------------------------------------------------+
|              Active Command Terms              |
+-------+---------------+------------------------+
| Index | Name          |          Type          |
+-------+---------------+------------------------+
|   0   | base_velocity | UniformVelocityCommand |
+-------+---------------+------------------------+

[INFO] Event Manager:  <EventManager> contains 2 active terms.
+--------------------------------------+
| Active Event Terms in Mode: 'startup' |
+----------+---------------------------+
|  Index   | Name                      |
+----------+---------------------------+
|    0     | physics_material          |
+----------+---------------------------+
+---------------------------------------+
|  Active Event Terms in Mode: 'reset'  |
+--------+------------------------------+
| Index  | Name                         |
+--------+------------------------------+
|   0    | base_external_force_torque   |
|   1    | reset_base                   |
|   2    | reset_robot_joints           |
+--------+------------------------------+

[INFO] Recorder Manager:  <RecorderManager> contains 0 active terms.
+---------------------+
| Active Recorder Terms |
+-----------+---------+
|   Index   | Name    |
+-----------+---------+
+-----------+---------+

[INFO] Action Manager:  <ActionManager> contains 1 active terms.
+------------------------------------+
|  Active Action Terms (shape: 19)   |
+--------+-------------+-------------+
| Index  | Name        |   Dimension |
+--------+-------------+-------------+
|   0    | joint_pos   |          19 |
+--------+-------------+-------------+

[INFO] Observation Manager: <ObservationManager> contains 1 groups.
+----------------------------------------------------------+
| Active Observation Terms in Group: 'policy' (shape: (256,)) |
+-----------+--------------------------------+-------------+
|   Index   | Name                           |    Shape    |
+-----------+--------------------------------+-------------+
|     0     | base_lin_vel                   |     (3,)    |
|     1     | base_ang_vel                   |     (3,)    |
|     2     | projected_gravity              |     (3,)    |
|     3     | velocity_commands              |     (3,)    |
|     4     | joint_pos                      |    (19,)    |
|     5     | joint_vel                      |    (19,)    |
|     6     | actions                        |    (19,)    |
|     7     | height_scan                    |    (187,)   |
+-----------+--------------------------------+-------------+

[INFO] Termination Manager:  <TerminationManager> contains 2 active terms.
+---------------------------------+
|     Active Termination Terms    |
+-------+--------------+----------+
| Index | Name         | Time Out |
+-------+--------------+----------+
|   0   | time_out     |   True   |
|   1   | base_contact |  False   |
+-------+--------------+----------+

[INFO] Reward Manager:  <RewardManager> contains 14 active terms.
+-------------------------------------------+
|            Active Reward Terms            |
+-------+-----------------------+-----------+
| Index | Name                  |    Weight |
+-------+-----------------------+-----------+
|   0   | track_lin_vel_xy_exp  |       1.0 |
|   1   | track_ang_vel_z_exp   |       1.0 |
|   2   | ang_vel_xy_l2         |     -0.05 |
|   3   | dof_torques_l2        |       0.0 |
|   4   | dof_acc_l2            | -1.25e-07 |
|   5   | action_rate_l2        |   -0.0005 |
|   6   | feet_air_time         |       0.2 |
|   7   | flat_orientation_l2   |      -1.5 |
|   8   | dof_pos_limits        |      -1.0 |
|   9   | termination_penalty   |     -50.0 |
|   10  | feet_slide            |     -0.25 |
|   11  | joint_deviation_hip   |      -0.2 |
|   12  | joint_deviation_arms  |      -0.2 |
|   13  | joint_deviation_torso |      -0.1 |
+-------+-----------------------+-----------+

[INFO] Curriculum Manager:  <CurriculumManager> contains 0 active terms.
+----------------------+
| Active Curriculum Terms |
+-----------+----------+
|   Index   | Name     |
+-----------+----------+
+-----------+----------+

[INFO]: Completed setting up the environment...
[INFO] Recording videos during training.
        video_folder: /workspace/training/humanoid/exported/videos/play
        step_trigger: lambda step: step == 0
        video_length: 1000
        disable_logger: True
[INFO]: Loading model checkpoint from: /workspace/training/humanoid/exported/model_best.pt
--------------------------------------------------------------------------------
Resolved observation sets: 
	 actor :  ['policy']
	 critic :  ['policy']
--------------------------------------------------------------------------------
Actor Model: MLPModel(
  (obs_normalizer): Identity()
  (distribution): GaussianDistribution()
  (mlp): MLP(
    (0): Linear(in_features=256, out_features=512, bias=True)
    (1): ELU(alpha=1.0)
    (2): Linear(in_features=512, out_features=256, bias=True)
    (3): ELU(alpha=1.0)
    (4): Linear(in_features=256, out_features=128, bias=True)
    (5): ELU(alpha=1.0)
    (6): Linear(in_features=128, out_features=19, bias=True)
  )
)
Critic Model: MLPModel(
  (obs_normalizer): Identity()
  (mlp): MLP(
    (0): Linear(in_features=256, out_features=512, bias=True)
    (1): ELU(alpha=1.0)
    (2): Linear(in_features=512, out_features=256, bias=True)
    (3): ELU(alpha=1.0)
    (4): Linear(in_features=256, out_features=128, bias=True)
    (5): ELU(alpha=1.0)
    (6): Linear(in_features=128, out_features=1, bias=True)
  )
)
2026-08-31T03:58:38Z [1,117ms] [Warning] [omni.log] Source: omni.hydra was already registered.
2026-08-31T03:58:38Z [1,297ms] [Warning] [carb] Acquiring non optional plugin interface which is not listed as dependency: [omni::physx::IPhysxBenchmarks v1.0] (plugin: <default plugin>), by client: omni.physics.physx.plugin. Add it to CARB_PLUGIN_IMPL_DEPS() macro of a client.
2026-08-31T03:58:38Z [1,301ms] [Warning] [omni.isaac.dynamic_control] omni.isaac.dynamic_control is deprecated as of Isaac Sim 4.5. No action is needed from end-users.
2026-08-31T03:58:39Z [2,471ms] [Warning] [pxr.Semantics] pxr.Semantics is deprecated - please use Semantics instead
2026-08-31T03:58:39Z [2,534ms] [Warning] [omni.graph.core.plugin] Found duplicate of category 'Replicator' - was 'Annotators', adding 'Fabric Reader'
2026-08-31T03:58:39Z [2,534ms] [Warning] [omni.graph.core.plugin] Category 'Replicator' not accepted on node type 'omni.replicator.core.FabricReader' in extension 'omni.replicator.core'
2026-08-31T03:58:39Z [2,535ms] [Warning] [omni.replicator.core.scripts.extension] No material configuration file, adding configuration to material settings directly.
2026-08-31T03:58:40Z [3,277ms] [Warning] [omni.kvdb.plugin] Disabling key-value database because another kit process is locking it
2026-08-31T03:58:41Z [4,724ms] [Warning] [omni.fabric.plugin] Warning: attribute viewportHandle not found for bucket id 7

2026-08-31T03:58:46Z [9,306ms] [Warning] [omni.physx.fabric.plugin] FabricManager::initializePointInstancer mismatched prototypes on point instancer: /Visuals/Command/velocity_goal.
2026-08-31T03:58:46Z [9,306ms] [Warning] [omni.physx.fabric.plugin] FabricManager::initializePointInstancer mismatched prototypes on point instancer: /Visuals/Command/velocity_current.
2026-08-31T03:58:47Z [10,283ms] [Warning] [omni.physx.fabric.plugin] FabricManager::initializePointInstancer mismatched prototypes on point instancer: /Visuals/Command/velocity_current.
2026-08-31T03:58:47Z [10,283ms] [Warning] [omni.physx.fabric.plugin] FabricManager::initializePointInstancer mismatched prototypes on point instancer: /Visuals/Command/velocity_goal.
2026-08-31T03:58:47Z [10,333ms] [Warning] [omni.syntheticdata.plugin] OgnSdPostRenderVarToHost : rendervar copy from texture directly to host buffer is counter-performant. Please use copy from texture to device buffer first.
2026-08-31T03:58:49Z [11,972ms] [Warning] [carb] Client gpu.foundation.plugin has acquired [gpu::unstable::IMemoryBudgetManagerFactory v0.1] 100 times. Consider accessing this interface with carb::getCachedInterface() (Performance warning)
===== H6_minus10_approx vx=0.50 vy=0.00 wz=0.00 push=0 terrain=slope =====
COMMAND: /workspace/IsaacLab/isaaclab.sh -p play.py --task Humanoid-v0 --num_envs 4 --headless --video --video_length 1000 --enable_cameras agent.seed=42 env.commands.base_velocity.heading_command=false env.commands.base_velocity.rel_standing_envs=0.0 env.commands.base_velocity.resampling_time_range=\[1000.0\,1000.0\] env.commands.base_velocity.ranges.lin_vel_x=\[0.50\,0.50\] env.commands.base_velocity.ranges.lin_vel_y=\[0.00\,0.00\] env.commands.base_velocity.ranges.ang_vel_z=\[0.00\,0.00\] env.scene.terrain.terrain_type=generator env.curriculum.terrain_levels=null env.scene.terrain.terrain_generator.curriculum=false env.scene.terrain.terrain_generator.num_rows=1 env.scene.terrain.terrain_generator.num_cols=4 env.scene.terrain.terrain_generator.difficulty_range=\[1.0\,1.0\] env.scene.terrain.max_init_terrain_level=0 env.scene.terrain.terrain_generator.sub_terrains.pyramid_stairs.proportion=0.0 env.scene.terrain.terrain_generator.sub_terrains.pyramid_stairs_inv.proportion=0.0 env.scene.terrain.terrain_generator.sub_terrains.boxes.proportion=0.0 env.scene.terrain.terrain_generator.sub_terrains.random_rough.proportion=0.0 env.scene.terrain.terrain_generator.sub_terrains.hf_pyramid_slope.proportion=1.0 env.scene.terrain.terrain_generator.sub_terrains.hf_pyramid_slope.slope_range=\[0.17632698\,0.17632698\] env.scene.terrain.terrain_generator.sub_terrains.hf_pyramid_slope_inv.proportion=0.0 
[3gH    H    H    H    H    H    H    H    H    H    H    H    H    H    H    H    H    H    H    H    H    H    H    H    H    H    H    H    H    H    H    H    H    H    H    H    H    H    H    H   [INFO] Using python from: /workspace/IsaacLab/_isaac_sim/python.sh
Loading user config located at: '/isaac-sim/kit/data/Kit/Isaac-Sim/5.1/user.config.json'
[Info] [carb] Logging to file: /isaac-sim/kit/logs/Kit/Isaac-Sim/5.1/kit_20260831_125937.log
2026-08-31T03:59:37Z [178ms] [Warning] [carb.windowing-glfw.plugin] GLFW initialization failed.
2026-08-31T03:59:37Z [178ms] [Warning] [carb] Failed to startup plugin carb.windowing-glfw.plugin (interfaces: [carb::windowing::IGLContext v1.0],[carb::windowing::IWindowing v1.5]) (impl: carb.windowing-glfw.plugin)
2026-08-31T03:59:37Z [186ms] [Warning] [omni.platforminfo.plugin] failed to open the default display.  Can't verify X Server version.

|---------------------------------------------------------------------------------------------|
| Driver Version: 580.126.09    | Graphics API: Vulkan
|=============================================================================================|
| GPU | Name                             | Active | LDA | GPU Memory | Vendor-ID | LUID       |
|     |                                  |        |     |            | Device-ID | UUID       |
|     |                                  |        |     |            | Bus-ID    |            |
|---------------------------------------------------------------------------------------------|
| 0   | NVIDIA GeForce RTX 5080          | Yes: 0 |     | 16303   MB | 10de      | 0          |
|     |                                  |        |     |            | 2c02      | f590048b.. |
|     |                                  |        |     |            | 1         |            |
|=============================================================================================|
| OS: 24.04.2 LTS (Noble Numbat) ubuntu, Version: 24.04.2, Kernel: 6.8.0-136-generic
| Processor: Intel(R) Core(TM) Ultra 5 250KF Plus
| Cores: 18 | Logical Cores: 18
|---------------------------------------------------------------------------------------------|
| Total Memory (MB): 64006 | Free Memory: 54807
| Total Page/Swap (MB): 8191 | Free Page/Swap: 0
|---------------------------------------------------------------------------------------------|
2026-08-31T03:59:37Z [638ms] [Warning] [gpu.foundation.plugin] CPU performance profile is set to powersave. This profile sets the CPU to the lowest frequency reducing performance.
2026-08-31T03:59:37Z [652ms] [Warning] [gpu.foundation.plugin] IOMMU is enabled.
2026-08-31T03:59:38Z [979ms] [Warning] [carb.windowing-glfw.plugin] GLFW initialization failed.
2026-08-31T03:59:38Z [979ms] [Warning] [carb] Failed to startup plugin carb.windowing-glfw.plugin (interfaces: [carb::windowing::IGLContext v1.0],[carb::windowing::IWindowing v1.5]) (impl: carb.windowing-glfw.plugin)
2026-08-31T03:59:38Z [992ms] [Warning] [carb.windowing-glfw.plugin] GLFW initialization failed.
2026-08-31T03:59:38Z [992ms] [Warning] [carb] Failed to startup plugin carb.windowing-glfw.plugin (interfaces: [carb::windowing::IGLContext v1.0],[carb::windowing::IWindowing v1.5]) (impl: carb.windowing-glfw.plugin)
2026-08-31T03:59:38Z [998ms] [Warning] [carb.windowing-glfw.plugin] GLFW initialization failed.
2026-08-31T03:59:38Z [998ms] [Warning] [carb] Failed to startup plugin carb.windowing-glfw.plugin (interfaces: [carb::windowing::IGLContext v1.0],[carb::windowing::IWindowing v1.5]) (impl: carb.windowing-glfw.plugin)
2026-08-31T03:59:38Z [1,002ms] [Warning] [carb.windowing-glfw.plugin] GLFW initialization failed.
2026-08-31T03:59:38Z [1,002ms] [Warning] [carb] Failed to startup plugin carb.windowing-glfw.plugin (interfaces: [carb::windowing::IGLContext v1.0],[carb::windowing::IWindowing v1.5]) (impl: carb.windowing-glfw.plugin)
2026-08-31T03:59:38Z [1,003ms] [Warning] [carb.windowing-glfw.plugin] GLFW initialization failed.
2026-08-31T03:59:38Z [1,003ms] [Warning] [carb] Failed to startup plugin carb.windowing-glfw.plugin (interfaces: [carb::windowing::IGLContext v1.0],[carb::windowing::IWindowing v1.5]) (impl: carb.windowing-glfw.plugin)
2026-08-31T03:59:38Z [1,003ms] [Warning] [carb.windowing-glfw.plugin] GLFW initialization failed.
2026-08-31T03:59:38Z [1,003ms] [Warning] [carb] Failed to startup plugin carb.windowing-glfw.plugin (interfaces: [carb::windowing::IGLContext v1.0],[carb::windowing::IWindowing v1.5]) (impl: carb.windowing-glfw.plugin)
[INFO][AppLauncher]: Using device: cuda:0
[INFO][AppLauncher]: Loading experience file: /workspace/IsaacLab/apps/isaaclab.python.headless.rendering.kit
[INFO]: Parsing configuration from: h1_task.env_cfg:HumanoidRoughEnvCfg
[Humanoid:student] 9 reward 항목 로드
  [OK] track_lin_vel_xy_exp.weight = 1.0
  [OK] track_ang_vel_z_exp.weight = 1.0
  [OK] feet_air_time.weight = 0.2
  [OK] termination_penalty.weight = -50.0
  [OK] flat_orientation_l2.weight = -1.5
  [OK] ang_vel_xy_l2.weight = -0.05
  [OK] joint_deviation_hip.weight = -0.2
  [OK] joint_deviation_torso.weight = -0.1
  [OK] action_rate_l2.weight = -0.0005
[Humanoid:student] sub_terrains keys = ['pyramid_stairs', 'pyramid_stairs_inv', 'boxes', 'random_rough', 'hf_pyramid_slope', 'hf_pyramid_slope_inv']
[Humanoid:student] 박스류 override: ['boxes.grid_height']
[Humanoid:student] 계단 width override: ['pyramid_stairs.step_width=0.30', 'pyramid_stairs_inv.step_width=0.30']
[Humanoid:student] proportion: ['boxes: 0.20→0.30', 'random_rough: 0.20→0.10', 'pyramid_stairs: 0.20→0.15', 'pyramid_stairs_inv: 0.20→0.15']
[INFO]: Parsing configuration from: h1_task.agent_cfg:HumanoidPPORunnerCfg
/workspace/IsaacLab/_isaac_sim/kit/python/lib/python3.11/site-packages/gymnasium/envs/registration.py:512: DeprecationWarning: [33mWARN: The environment Humanoid-v0 is out of date. You should consider upgrading to version `v5`.[0m
  logger.deprecation(
[WARNING]: The `policy` configuration is deprecated for rsl-rl >= 4.0.0. Please use, e.g., `actor` and `critic` model configurations instead.
[WARNING]: The `empirical_normalization` parameter is deprecated. Please set `actor_obs_normalization` and `critic_obs_normalization` as part of the `policy` configuration instead.
[WARNING]: The `policy` configuration is used to infer the `actor` model configuration.
[WARNING]: The `policy` configuration is used to infer the `critic` model configuration.
[WARNING]: The `distribution_cfg` configuration is now used to specify the output distribution for stochastic policies. Consider updating the configuration to use `distribution_cfg` instead of `stochastic`, `init_noise_std`, `noise_std_type`, and `state_dependent_std` parameters.
[INFO] Loading experiment from directory: /workspace/training/humanoid/logs/rsl_rl/humanoid

[36m======================================================================================[0m
[36m[1m[INFO][IsaacLab]: Logging to file: /tmp/isaaclab/logs/isaaclab_2026-08-31_12-59-43.log[0m
[36m======================================================================================[0m

[33m12:59:43 [simulation_context.py] WARNING: The `enable_external_forces_every_iteration` parameter in the PhysxCfg is set to False. If you are experiencing noisy velocities, consider enabling this flag. You may need to slightly increase the number of velocity iterations (setting it to 1 or 2 rather than 0), together with this flag, to improve the accuracy of velocity updates.[0m
[INFO]: Base environment:
	Environment device    : cuda:0
	Environment seed      : 42
	Physics step-size     : 0.005
	Rendering step-size   : 0.02
	Environment step-size : 0.02
[INFO] Generating terrains randomly took : 0.013610 seconds
[INFO]: Time taken for scene creation : 0.997113 seconds
[INFO]: Scene manager:  <class InteractiveScene>
	Number of environments: 4
	Environment spacing   : 2.5
	Source prim name      : /World/envs/env_0
	Global prim paths     : ['/World/ground']
	Replicate physics     : True
[INFO]: Starting the simulation. This may take a few seconds. Please wait...
[INFO]: Time taken for simulation start : 1.104157 seconds
[33m12:59:46 [velocity_command.py] WARNING: The velocity command has the 'ranges.heading' attribute set to '(-3.141592653589793, 3.141592653589793)' but the heading command is not active. Consider setting the flag for the heading command to True.[0m
/workspace/IsaacLab/_isaac_sim/kit/python/lib/python3.11/site-packages/rsl_rl/utils/utils.py:220: UserWarning: The observation configuration dictionary 'obs_groups' is empty and thus likely not configured. Consider configuring the 'obs_groups' dictionary explicitly
  warnings.warn(
/workspace/IsaacLab/_isaac_sim/kit/python/lib/python3.11/site-packages/rsl_rl/utils/utils.py:251: UserWarning: The observation configuration dictionary 'obs_groups' does not contain the 'actor' key. As an observation group with the name 'policy' was found, this is assumed to be the appropriate observation. Consider adding the 'actor' key to the 'obs_groups' dictionary for clarity. This behavior will be removed in a future version.
  warnings.warn(
/workspace/IsaacLab/_isaac_sim/kit/python/lib/python3.11/site-packages/rsl_rl/utils/utils.py:251: UserWarning: The observation configuration dictionary 'obs_groups' does not contain the 'critic' key. As an observation group with the name 'policy' was found, this is assumed to be the appropriate observation. Consider adding the 'critic' key to the 'obs_groups' dictionary for clarity. This behavior will be removed in a future version.
  warnings.warn(
[INFO] Command Manager:  <CommandManager> contains 1 active terms.
+------------------------------------------------+
|              Active Command Terms              |
+-------+---------------+------------------------+
| Index | Name          |          Type          |
+-------+---------------+------------------------+
|   0   | base_velocity | UniformVelocityCommand |
+-------+---------------+------------------------+

[INFO] Event Manager:  <EventManager> contains 2 active terms.
+--------------------------------------+
| Active Event Terms in Mode: 'startup' |
+----------+---------------------------+
|  Index   | Name                      |
+----------+---------------------------+
|    0     | physics_material          |
+----------+---------------------------+
+---------------------------------------+
|  Active Event Terms in Mode: 'reset'  |
+--------+------------------------------+
| Index  | Name                         |
+--------+------------------------------+
|   0    | base_external_force_torque   |
|   1    | reset_base                   |
|   2    | reset_robot_joints           |
+--------+------------------------------+

[INFO] Recorder Manager:  <RecorderManager> contains 0 active terms.
+---------------------+
| Active Recorder Terms |
+-----------+---------+
|   Index   | Name    |
+-----------+---------+
+-----------+---------+

[INFO] Action Manager:  <ActionManager> contains 1 active terms.
+------------------------------------+
|  Active Action Terms (shape: 19)   |
+--------+-------------+-------------+
| Index  | Name        |   Dimension |
+--------+-------------+-------------+
|   0    | joint_pos   |          19 |
+--------+-------------+-------------+

[INFO] Observation Manager: <ObservationManager> contains 1 groups.
+----------------------------------------------------------+
| Active Observation Terms in Group: 'policy' (shape: (256,)) |
+-----------+--------------------------------+-------------+
|   Index   | Name                           |    Shape    |
+-----------+--------------------------------+-------------+
|     0     | base_lin_vel                   |     (3,)    |
|     1     | base_ang_vel                   |     (3,)    |
|     2     | projected_gravity              |     (3,)    |
|     3     | velocity_commands              |     (3,)    |
|     4     | joint_pos                      |    (19,)    |
|     5     | joint_vel                      |    (19,)    |
|     6     | actions                        |    (19,)    |
|     7     | height_scan                    |    (187,)   |
+-----------+--------------------------------+-------------+

[INFO] Termination Manager:  <TerminationManager> contains 2 active terms.
+---------------------------------+
|     Active Termination Terms    |
+-------+--------------+----------+
| Index | Name         | Time Out |
+-------+--------------+----------+
|   0   | time_out     |   True   |
|   1   | base_contact |  False   |
+-------+--------------+----------+

[INFO] Reward Manager:  <RewardManager> contains 14 active terms.
+-------------------------------------------+
|            Active Reward Terms            |
+-------+-----------------------+-----------+
| Index | Name                  |    Weight |
+-------+-----------------------+-----------+
|   0   | track_lin_vel_xy_exp  |       1.0 |
|   1   | track_ang_vel_z_exp   |       1.0 |
|   2   | ang_vel_xy_l2         |     -0.05 |
|   3   | dof_torques_l2        |       0.0 |
|   4   | dof_acc_l2            | -1.25e-07 |
|   5   | action_rate_l2        |   -0.0005 |
|   6   | feet_air_time         |       0.2 |
|   7   | flat_orientation_l2   |      -1.5 |
|   8   | dof_pos_limits        |      -1.0 |
|   9   | termination_penalty   |     -50.0 |
|   10  | feet_slide            |     -0.25 |
|   11  | joint_deviation_hip   |      -0.2 |
|   12  | joint_deviation_arms  |      -0.2 |
|   13  | joint_deviation_torso |      -0.1 |
+-------+-----------------------+-----------+

[INFO] Curriculum Manager:  <CurriculumManager> contains 0 active terms.
+----------------------+
| Active Curriculum Terms |
+-----------+----------+
|   Index   | Name     |
+-----------+----------+
+-----------+----------+

[INFO]: Completed setting up the environment...
[INFO] Recording videos during training.
        video_folder: /workspace/training/humanoid/exported/videos/play
        step_trigger: lambda step: step == 0
        video_length: 1000
        disable_logger: True
[INFO]: Loading model checkpoint from: /workspace/training/humanoid/exported/model_best.pt
--------------------------------------------------------------------------------
Resolved observation sets: 
	 actor :  ['policy']
	 critic :  ['policy']
--------------------------------------------------------------------------------
Actor Model: MLPModel(
  (obs_normalizer): Identity()
  (distribution): GaussianDistribution()
  (mlp): MLP(
    (0): Linear(in_features=256, out_features=512, bias=True)
    (1): ELU(alpha=1.0)
    (2): Linear(in_features=512, out_features=256, bias=True)
    (3): ELU(alpha=1.0)
    (4): Linear(in_features=256, out_features=128, bias=True)
    (5): ELU(alpha=1.0)
    (6): Linear(in_features=128, out_features=19, bias=True)
  )
)
Critic Model: MLPModel(
  (obs_normalizer): Identity()
  (mlp): MLP(
    (0): Linear(in_features=256, out_features=512, bias=True)
    (1): ELU(alpha=1.0)
    (2): Linear(in_features=512, out_features=256, bias=True)
    (3): ELU(alpha=1.0)
    (4): Linear(in_features=256, out_features=128, bias=True)
    (5): ELU(alpha=1.0)
    (6): Linear(in_features=128, out_features=1, bias=True)
  )
)
2026-08-31T03:59:38Z [1,120ms] [Warning] [omni.log] Source: omni.hydra was already registered.
2026-08-31T03:59:38Z [1,298ms] [Warning] [carb] Acquiring non optional plugin interface which is not listed as dependency: [omni::physx::IPhysxBenchmarks v1.0] (plugin: <default plugin>), by client: omni.physics.physx.plugin. Add it to CARB_PLUGIN_IMPL_DEPS() macro of a client.
2026-08-31T03:59:38Z [1,302ms] [Warning] [omni.isaac.dynamic_control] omni.isaac.dynamic_control is deprecated as of Isaac Sim 4.5. No action is needed from end-users.
2026-08-31T03:59:39Z [2,492ms] [Warning] [pxr.Semantics] pxr.Semantics is deprecated - please use Semantics instead
2026-08-31T03:59:39Z [2,553ms] [Warning] [omni.graph.core.plugin] Found duplicate of category 'Replicator' - was 'Annotators', adding 'Fabric Reader'
2026-08-31T03:59:39Z [2,553ms] [Warning] [omni.graph.core.plugin] Category 'Replicator' not accepted on node type 'omni.replicator.core.FabricReader' in extension 'omni.replicator.core'
2026-08-31T03:59:39Z [2,554ms] [Warning] [omni.replicator.core.scripts.extension] No material configuration file, adding configuration to material settings directly.
2026-08-31T03:59:40Z [3,290ms] [Warning] [omni.kvdb.plugin] Disabling key-value database because another kit process is locking it
2026-08-31T03:59:41Z [4,673ms] [Warning] [omni.fabric.plugin] Warning: attribute viewportHandle not found for bucket id 7

2026-08-31T03:59:46Z [9,241ms] [Warning] [omni.physx.fabric.plugin] FabricManager::initializePointInstancer mismatched prototypes on point instancer: /Visuals/Command/velocity_goal.
2026-08-31T03:59:46Z [9,241ms] [Warning] [omni.physx.fabric.plugin] FabricManager::initializePointInstancer mismatched prototypes on point instancer: /Visuals/Command/velocity_current.
2026-08-31T03:59:47Z [10,229ms] [Warning] [omni.physx.fabric.plugin] FabricManager::initializePointInstancer mismatched prototypes on point instancer: /Visuals/Command/velocity_current.
2026-08-31T03:59:47Z [10,229ms] [Warning] [omni.physx.fabric.plugin] FabricManager::initializePointInstancer mismatched prototypes on point instancer: /Visuals/Command/velocity_goal.
2026-08-31T03:59:47Z [10,279ms] [Warning] [omni.syntheticdata.plugin] OgnSdPostRenderVarToHost : rendervar copy from texture directly to host buffer is counter-performant. Please use copy from texture to device buffer first.
2026-08-31T03:59:49Z [11,942ms] [Warning] [carb] Client gpu.foundation.plugin has acquired [gpu::unstable::IMemoryBudgetManagerFactory v0.1] 100 times. Consider accessing this interface with carb::getCachedInterface() (Performance warning)
aaaaf47dadd6e4db8e117a9e55a378d9d09954cf7866334d15f02d4c9f9f42ee  /workspace/_keep/train_260831-06_run05cfg_10000_VIDEOS_FULL.tar.gz
[PACKAGE] /workspace/_keep/train_260831-06_run05cfg_10000_VIDEOS_FULL.tar.gz
c80f972c75c92f212501cd12c0e8791909731495098e9b3fe67075fee55c59be  /workspace/_keep/train_260831-06_run05cfg_10000_VIDEOS_FULL.tar.gz
[PACKAGE] /workspace/_keep/train_260831-06_run05cfg_10000_VIDEOS_FULL.tar.gz
[DONE] Run06 video suite=full
